TAP version 13
ok 1 - ClientSideCompilerTest::testScssIsProcessed
ok 2 - ClientSideCompilerTest::testClientSideCombination
ok 3 - ClientSideCompilerTest::testClientSideCompilation
ok 4 - ClientSideCompilerTest::testPageToolClientSideCompiled
ok 5 - ClientSideCompilerTest::testJavaScriptRequire
ok 6 - ClientSideCompilerTest::testJavaScriptRequireTree
ok 7 - DomTest::testDomElInDom
ok 8 - FileOrganiserTest::testInitialWebrootIsEmpty
ok 9 - FileOrganiserTest::testCheckFilesNew
ok 10 - FileOrganiserTest::testCheckFilesWhenCached
ok 11 - FileOrganiserTest::testFilesAreCopied
ok 12 - FileOrganiserTest::testPageToolClientSide
ok 13 - FileOrganiserTest::testNewFilesCauseInvalid
ok 14 - ManifestTest::testManifestIsNotRequiredOnSingleDomHead
ok 15 - ManifestTest::testMultipleHeaderHtmlFilesTriggerManifestError
ok 16 - ManifestTest::testManifestCreatesDomHead
ok 17 - AnalyticsPageToolTest::testAnalyticsToolExists
ok 18 - AnalyticsPageToolTest::testCodeIsAddedToHead
ok 19 - NavigationPageToolTest::testNavigationToolExists
ok 20 - NavigationPageToolTest::testHomepageSelected
ok 21 - NavigationPageToolTest::testBareSelected
ok 22 - NavigationPageToolTest::testNestedSelected
1..22
